// Jest Snapshot v1, https://goo.gl/fbAQLP

exports[`Login snapshot test snapshot 1`] = `
<div
  className="main-content"
>
  <div
    className="auth-form-container"
  >
    <div
      className="header"
    />
    <div
      className="body"
    >
      <form
        className="auth-form"
        onSubmit={[Function]}
      >
        <input
          name="email"
          onChange={[Function]}
          placeholder="Email"
          required={true}
          type="text"
          value=""
        />
        <br />
        <input
          name="password"
          onChange={[Function]}
          placeholder="Password"
          required={true}
          type="Password"
          value=""
        />
        <br />
        <input
          name="logInButton"
          type="submit"
          value="Log In"
        />
        <br />
        <p>
          <Link
            replace={false}
            to="/reset-password"
          >
            Forgot your password.
          </Link>
        </p>
      </form>
    </div>
    <div
      className="footer"
    >
      <p>
        Dont have an account?Â 
        <Link
          replace={false}
          to="/signup"
        >
          Sign up
        </Link>
      </p>
    </div>
  </div>
</div>
`;
