// Jest Snapshot v1, https://goo.gl/fbAQLP

exports[`Reloading snapshot test  1`] = `
<div>
  RELOADING...
</div>
`;
